// Jest Snapshot v1, https://goo.gl/fbAQLP

exports[`containers/signInDialog renders correctly 1`] = `
<form
  id="signin-dialog-form"
  onSubmit={[Function]}
>
  <dialog
    className="rmdc-dialog mdc-dialog mdc-dialog--open"
    onClick={[Function]}
    onKeyUp={[Function]}
    role="presentation"
  >
    <div
      className="mdc-dialog__surface"
      onClick={[Function]}
      onKeyUp={[Function]}
      role="presentation"
      style={
        Object {
          "minWidth": "320px",
          "width": "320px",
        }
      }
    >
      <header
        className="mdc-dialog__header"
      >
        Your credentials
      </header>
      <section
        className="mdc-dialog__body"
      >
        <section
          className="mdc-dialog__body"
        >
          <div
            className="mdc-form-field"
            style={
              Object {
                "display": "block",
              }
            }
          >
            <div
              className="mdc-text-field mdc-text-field--upgraded"
              style={
                Object {
                  "width": "200px",
                }
              }
            >
              <input
                autoComplete="username email"
                className="mdc-text-field__input"
                defaultValue=""
                id="signin-dialog-username"
                onBlur={[Function]}
                onChange={[Function]}
                onFocus={[Function]}
                required={true}
                type="text"
              />
              <label
                className="mdc-floating-label"
                focused="false"
                htmlFor="signin-dialog-username"
                style={Object {}}
              >
                Username | Email
              </label>
              <div
                className="mdc-text-field__bottom-line"
              />
            </div>
          </div>
          <div
            className="mdc-form-field"
            style={
              Object {
                "display": "block",
              }
            }
          >
            <div
              className="mdc-text-field mdc-text-field--upgraded"
              style={
                Object {
                  "width": "200px",
                }
              }
            >
              <input
                autoComplete="password"
                className="mdc-text-field__input"
                defaultValue=""
                id="signin-dialog-password"
                onBlur={[Function]}
                onChange={[Function]}
                onFocus={[Function]}
                required={true}
                type="password"
              />
              <label
                className="mdc-floating-label"
                focused="false"
                htmlFor="signin-dialog-password"
                style={Object {}}
              >
                Password
              </label>
              <div
                className="mdc-text-field__bottom-line"
              />
            </div>
          </div>
        </section>
      </section>
      <footer
        className="mdc-dialog__footer"
      >
        <button
          className="mdc-dialog__footer__button mdc-dialog__footer__button--cancel mdc-button"
          onClick={[Function]}
        >
          
          Cancel
        </button>
        <button
          className="mdc-dialog__footer__button mdc-dialog__footer__button--cancel mdc-button"
          onClick={null}
        >
          
          Sign in
        </button>
      </footer>
    </div>
  </dialog>
</form>
`;
